C:\Program Files\dotnet\sdk\8.0.403\NuGet.targets(465,5): error MSB3202: O arquivo de projeto "C:\Users\vinicius\Documents\Faculdade\4o_bim\PlataformaDeDesenvolvimento\CineReviewP2\CineReviewP2\CineReviewP2.csproj" n├úo foi encontrado. [C:\Users\vinicius\Documents\Faculdade\4o_bim\PlataformaDeDesenvolvimento\CineReviewP2\CineReviewP2.sln]

FALHA da compila├º├úo.

C:\Program Files\dotnet\sdk\8.0.403\NuGet.targets(465,5): error MSB3202: O arquivo de projeto "C:\Users\vinicius\Documents\Faculdade\4o_bim\PlataformaDeDesenvolvimento\CineReviewP2\CineReviewP2\CineReviewP2.csproj" n├úo foi encontrado. [C:\Users\vinicius\Documents\Faculdade\4o_bim\PlataformaDeDesenvolvimento\CineReviewP2\CineReviewP2.sln]
    0 Aviso(s)
    1 Erro(s)

Tempo Decorrido 00:00:00.26

As atualiza├º├╡es de carga de trabalho est├úo dispon├¡veis. Execute `dotnet workload list` para obter mais informa├º├╡es.
